Access to fetch at 'https://signal.creatbots.com/' from
origin 'http://localhost:3001' has been blocked by CORS 
policy: No 'Access-Control-Allow-Origin' header is present on the requested resource. 
If an opaque response serves your needs, 
set the request's mode to 'no-cors' to fetch the resource with CORS disabled.
solution: add proxy with the server link to package.json then rerun the app 